// Jest Snapshot v1, https://goo.gl/fbAQLP

exports[`gatsby-plugin-sharp base64 converts image to base64 1`] = `
Object {
  "aspectRatio": 1,
  "height": 20,
  "originalName": undefined,
  "src": "data:image/png;base64,iVBORw0KGgoAAAANSUhEUgAAABQAAAAUCAIAAAAC64paAAAACXBIWXMAAAsSAAALEgHS3X78AAABKklEQVQ4y8WUy07DMBBFrwMpr4aybjepUeqIFd/CAgmJsuIHgWXVL+Gx4C3xCdQJnpm0UDJNAQnVuouMM8dzY4+DcoA/C/8Fe9bv4ABMMpQOZc5yFPqfwEUQY499jHoY9/BsKQyTRTNMyzu8WAwTbBnI2DY438XbPr0qFsFCvlrkMTERYFgRL3HYUvh5OMdpQqkbBtPC9NDiINQPCZM6LGVvUzIpwNch4V5EGxHS/DeYtjfHZbcyXB8yGfaPimcafLEMHqmw2L5OsWkUUuY6Ee5V28WUP25TXjwPS3iWUFnfcFQPFna98rlmSGL4IOZucQvgT76Po53qeOTYTtp4qpFKe/qM29PhJsVVl3SXsluntLfS7rPvn10MP1Aau+lKBuA9I/kV/AyW6gNTIWTuA/r8lQAAAABJRU5ErkJggg==",
  "width": 20,
}
`;

exports[`gatsby-plugin-sharp fluid includes responsive image properties, e.g. sizes, srcset, etc. 1`] = `
Object {
  "aspectRatio": 1,
  "base64": "data:image/png;base64,iVBORw0KGgoAAAANSUhEUgAAABQAAAAUCAIAAAAC64paAAAACXBIWXMAAAsSAAALEgHS3X78AAABKklEQVQ4y8WUy07DMBBFrwMpr4aybjepUeqIFd/CAgmJsuIHgWXVL+Gx4C3xCdQJnpm0UDJNAQnVuouMM8dzY4+DcoA/C/8Fe9bv4ABMMpQOZc5yFPqfwEUQY499jHoY9/BsKQyTRTNMyzu8WAwTbBnI2DY438XbPr0qFsFCvlrkMTERYFgRL3HYUvh5OMdpQqkbBtPC9NDiINQPCZM6LGVvUzIpwNch4V5EGxHS/DeYtjfHZbcyXB8yGfaPimcafLEMHqmw2L5OsWkUUuY6Ee5V28WUP25TXjwPS3iWUFnfcFQPFna98rlmSGL4IOZucQvgT76Po53qeOTYTtp4qpFKe/qM29PhJsVVl3SXsluntLfS7rPvn10MP1Aau+lKBuA9I/kV/AyW6gNTIWTuA/r8lQAAAABJRU5ErkJggg==",
  "density": 72,
  "originalImg": "/static/1234/c0399/test.png",
  "originalName": undefined,
  "presentationHeight": 100,
  "presentationWidth": 100,
  "sizes": "(max-width: 100px) 100vw, 100px",
  "src": "/static/1234/c0399/test.png",
  "srcSet": "/static/1234/c0399/test.png 100w",
  "srcSetType": "image/png",
  "tracedSVG": undefined,
}
`;

exports[`gatsby-plugin-sharp image quirks handles padding bytes correctly 1`] = `
Object {
  "hUnits": "px",
  "height": 1000,
  "mime": "image/jpeg",
  "type": "jpg",
  "wUnits": "px",
  "width": 746,
}
`;

exports[`gatsby-plugin-sharp queueImageResizing should process immediately when asked 1`] = `
[MockFunction] {
  "calls": Array [
    Array [
      Object {
        "args": Object {
          "base64": true,
          "duotone": false,
          "grayscale": false,
          "jpegProgressive": true,
          "maxWidth": 800,
          "pathPrefix": "",
          "pngCompressionLevel": 9,
          "pngCompressionSpeed": 4,
          "quality": 50,
          "sizeByPixelDensity": false,
          "toFormat": "png",
          "width": 3,
        },
        "inputPath": "<PROJECT_ROOT>/packages/gatsby-plugin-sharp/src/__tests__/images/144-density.png",
        "outputPath": "<PROJECT_ROOT>/public/static/1234/39ca0/test.png",
      },
      Object {
        "addThirdPartySchema": [Function],
        "createJob": [Function],
        "createNode": [Function],
        "createNodeField": [Function],
        "createPage": [Function],
        "createPageDependency": [Function],
        "createParentChildLink": [Function],
        "createRedirect": [Function],
        "deleteComponentsDependencies": [Function],
        "deleteNode": [Function],
        "deleteNodes": [Function],
        "deletePage": [Function],
        "endJob": [Function],
        "replaceComponentQuery": [Function],
        "replaceStaticQuery": [Function],
        "replaceWebpackConfig": [Function],
        "setBabelOptions": [Function],
        "setBabelPlugin": [Function],
        "setBabelPreset": [Function],
        "setJob": [Function],
        "setPluginStatus": [Function],
        "setWebpackConfig": [Function],
        "touchNode": [Function],
      },
      Object {
        "defaultQuality": 50,
        "lazyImageGeneration": true,
        "stripMetadata": true,
        "useMozJpeg": false,
      },
    ],
  ],
  "results": Array [
    Object {
      "type": "return",
      "value": Promise {},
    },
  ],
}
`;

exports[`gatsby-plugin-sharp tracedSVG runs on demand 1`] = `
Object {
  "aspectRatio": 1,
  "base64": undefined,
  "height": 100,
  "originalName": undefined,
  "src": "/static/1234/c0399/test.png",
  "srcSet": "/static/1234/c0399/test.png 1x",
  "tracedSVG": "data:image/svg+xml,%3csvg xmlns='http://www.w3.org/2000/svg' width='100' height='100'%3e%3cpath d='M41 24c-18 7-24 29-11 43 15 17 44 8 46-15 1-19-17-34-35-28' fill='red' fill-rule='evenodd'/%3e%3c/svg%3e",
  "width": 100,
}
`;

exports[`gatsby-plugin-sharp tracedSVG runs on demand 2`] = `
Object {
  "aspectRatio": 1,
  "base64": undefined,
  "density": 72,
  "originalImg": "/static/1234/c0399/test.png",
  "originalName": undefined,
  "presentationHeight": 100,
  "presentationWidth": 100,
  "sizes": "(max-width: 100px) 100vw, 100px",
  "src": "/static/1234/c0399/test.png",
  "srcSet": "/static/1234/0f0dc/test.png 25w,
/static/1234/bc08f/test.png 50w,
/static/1234/c0399/test.png 100w",
  "srcSetType": "image/png",
  "tracedSVG": "data:image/svg+xml,%3csvg xmlns='http://www.w3.org/2000/svg' width='100' height='100'%3e%3cpath d='M41 24c-18 7-24 29-11 43 15 17 44 8 46-15 1-19-17-34-35-28' fill='red' fill-rule='evenodd'/%3e%3c/svg%3e",
}
`;
